data set                         N      h0  <|m|>  tau(m) tau(|m|)  tau(e)
k2c_L256_h0                   8000   0e+00  0.458    0.48     0.98    1.47
nn_L120_h0                    3000   0e+00  0.562    0.49     1.12    1.44
nn_L120_h1e-3                 3000   1e-03  0.673   35.08    35.08  197.20
nn_L120_h1e-4                 3000   1e-04  0.563    0.62     1.70    3.39
nn_L120_h1e-5                 3000   1e-05  0.556    0.48     0.99    1.38
nn_L120_h3e-3                 3000   3e-03  0.707   96.57    96.57  315.88
nn_L120_h3e-4                 3000   3e-04  0.594    5.00     8.99   31.74
nn_L120_h3e-5                 3000   3e-05  0.563    0.55     1.40    1.83
nn_L240_h0                    4000   0e+00  0.515    0.49     1.02    1.51
nn_L256_h0                    8000   0e+00  0.508    0.52     0.99    1.54
nn_L60_h0                     3000   0e+00  0.609    0.49     0.93    1.04
nn_L60_h1e-3                  3000   1e-03  0.652    5.96    14.73   21.74
nn_L60_h1e-4                  3000   1e-04  0.602    0.49     1.13    1.41
nn_L60_h1e-5                  3000   1e-05  0.606    0.52     0.82    1.05
nn_L60_h3e-3                  3000   3e-03  0.723   19.70    19.70   52.27
nn_L60_h3e-4                  3000   3e-04  0.612    0.57     1.58    2.73
nn_L60_h3e-5                  3000   3e-05  0.606    0.48     0.93    1.23
thesis_L240_h0                4000   0e+00  0.226    0.53     0.70    1.45
thesis_L240_h0_rep2           4000   0e+00  0.228    0.49     0.55    1.30
thesis_L240_h1e-3             2000   1e-03  0.558   24.30    24.30   74.33
thesis_L240_h1e-4             2000   1e-04  0.313    2.14     2.66    7.27
