split thesis_rep1  b=2 thesis_theta pulls K1..K4 = [ 1.32 -0.49 -0.95  1.28]  h = -1.64  h3 = +1.81  (27s)
split thesis_rep1  b=2 phi          pulls K1..K4 = [ 1.32 -0.49 -0.94  1.28]  h = -1.86  h3 = +1.80  (21s)
split thesis_rep1  b=3 thesis_theta pulls K1..K4 = [-0.25 -1.    1.66 -0.98]  h = -1.35  h3 = +0.88  (41s)
split thesis_rep1  b=3 phi          pulls K1..K4 = [-0.25 -1.    1.66 -0.98]  h = -0.92  h3 = +0.74  (41s)
split thesis_rep1  b=4 thesis_theta pulls K1..K4 = [-1.33  1.05  0.21 -0.81]  h = +0.29  h3 = -0.22  (19s)
split thesis_rep1  b=4 phi          pulls K1..K4 = [-1.33  1.05  0.21 -0.81]  h = +0.08  h3 = -0.06  (48s)
split thesis_rep1  b=5 thesis_theta pulls K1..K4 = [ 1.39 -0.17 -0.92  0.83]  h = -0.01  h3 = -0.09  (13s)
split thesis_rep1  b=5 phi          pulls K1..K4 = [ 1.39 -0.16 -0.92  0.83]  h = +0.17  h3 = -0.18  (4s)
split thesis_rep1  b=6 thesis_theta pulls K1..K4 = [-1.55  1.64 -0.91  0.07]  h = -0.00  h3 = -0.02  (6s)
split thesis_rep1  b=6 phi          pulls K1..K4 = [-1.55  1.64 -0.91  0.07]  h = +0.37  h3 = -0.35  (8s)
split thesis_rep1  b=8 thesis_theta pulls K1..K4 = [ 0.34 -0.44 -0.72  1.37]  h = -0.83  h3 = +1.23  (7s)
split thesis_rep1  b=8 phi          pulls K1..K4 = [ 0.34 -0.44 -0.72  1.37]  h = -1.59  h3 = +1.55  (1s)
split thesis_rep2  b=2 thesis_theta pulls K1..K4 = [ 1.78 -1.14 -0.08  0.32]  h = +0.19  h3 = -0.90  (19s)
split thesis_rep2  b=2 phi          pulls K1..K4 = [ 1.78 -1.14 -0.08  0.32]  h = +0.49  h3 = -0.73  (20s)
split thesis_rep2  b=3 thesis_theta pulls K1..K4 = [ 0.56 -1.02  0.4   0.26]  h = +1.52  h3 = -1.83  (67s)
split thesis_rep2  b=3 phi          pulls K1..K4 = [ 0.56 -1.02  0.4   0.26]  h = +1.62  h3 = -1.64  (10s)
split thesis_rep2  b=4 thesis_theta pulls K1..K4 = [-1.35  2.25 -2.6   2.27]  h = -0.22  h3 = +0.24  (13s)
split thesis_rep2  b=4 phi          pulls K1..K4 = [-1.36  2.25 -2.6   2.27]  h = -0.30  h3 = +0.30  (14s)
split thesis_rep2  b=5 thesis_theta pulls K1..K4 = [ 0.34 -0.15 -0.79  1.08]  h = -0.67  h3 = +0.35  (11s)
split thesis_rep2  b=5 phi          pulls K1..K4 = [ 0.34 -0.15 -0.79  1.08]  h = -0.56  h3 = +0.45  (3s)
split thesis_rep2  b=6 thesis_theta pulls K1..K4 = [-0.56  0.12  0.28 -0.26]  h = +0.35  h3 = -0.81  (13s)
split thesis_rep2  b=6 phi          pulls K1..K4 = [-0.56  0.12  0.28 -0.26]  h = +0.53  h3 = -0.62  (2s)
split thesis_rep2  b=8 thesis_theta pulls K1..K4 = [-0.1  -0.58  1.52 -1.71]  h = +0.22  h3 = -1.25  (1s)
split thesis_rep2  b=8 phi          pulls K1..K4 = [-0.1  -0.58  1.51 -1.71]  h = +0.97  h3 = -1.21  (1s)
split nn_Kc        b=2 thesis_theta pulls K1..K4 = [-0.94 -0.21  1.42 -1.46]  h = -0.38  h3 = +0.24  (94s)
split nn_Kc        b=2 phi          pulls K1..K4 = [-0.94 -0.21  1.41 -1.46]  h = -0.80  h3 = +0.71  (148s)
split nn_Kc        b=3 thesis_theta pulls K1..K4 = [-0.36  2.33 -3.33  2.33]  h = -0.68  h3 = +0.28  (9s)
split nn_Kc        b=3 phi          pulls K1..K4 = [-0.36  2.33 -3.33  2.33]  h = -0.55  h3 = +0.38  (10s)
split nn_Kc        b=4 thesis_theta pulls K1..K4 = [ 1.99 -1.1  -0.25  0.83]  h = -1.15  h3 = +1.14  (5s)
split nn_Kc        b=4 phi          pulls K1..K4 = [ 2.   -1.1  -0.25  0.83]  h = -1.38  h3 = +1.33  (5s)
split nn_Kc        b=5 thesis_theta pulls K1..K4 = [-1.2   0.55  0.36 -0.48]  h = -1.00  h3 = +0.05  (4s)
split nn_Kc        b=5 phi          pulls K1..K4 = [-1.2   0.55  0.36 -0.48]  h = -0.46  h3 = +0.08  (3s)
split nn_Kc        b=6 thesis_theta pulls K1..K4 = [-2.1   2.97 -0.32 -0.67]  h = -1.18  h3 = -0.05  (2s)
split nn_Kc        b=6 phi          pulls K1..K4 = [-2.09  2.97 -0.32 -0.68]  h = -0.99  h3 = +0.48  (3s)
split nn_Kc        b=8 thesis_theta pulls K1..K4 = [-2.27  2.32 -0.85 -0.34]  h = +0.18  h3 = -1.90  (1s)
split nn_Kc        b=8 phi          pulls K1..K4 = [-2.27  2.32 -0.86 -0.34]  h = +0.90  h3 = -1.48  (1s)

split halves, basis thesis_theta   rms pull even = 1.28 (n=72), odd = 0.91 (n=36), max |odd| = 1.90
split halves, basis phi            rms pull even = 1.28 (n=72), odd = 0.96 (n=36), max |odd| = 1.86
replica 1 vs 2, basis thesis_theta rms pull even = 0.99 (n=24), odd = 1.40 (n=12), max |odd| = 2.20
replica 1 vs 2, basis phi          rms pull even = 0.99 (n=24), odd = 1.35 (n=12), max |odd| = 2.46
