L=60 h0=0 b=2 phi: <m_b>=-0.0059 h=-0.00226+-0.00145 h3=+0.00045+-0.00029 K1=0.3638 (2s)
L=60 h0=0 b=3 phi: <m_b>=-0.0066 h=-0.00065+-0.00255 h3=+0.00012+-0.00052 K1=0.4136 (1s)
L=60 h0=0 b=4 phi: <m_b>=-0.0064 h=+0.00203+-0.00349 h3=-0.00045+-0.00069 K1=0.4155 (0s)
L=60 h0=0 b=5 phi: <m_b>=-0.0065 h=+0.00774+-0.00358 h3=-0.00150+-0.00066 K1=0.4249 (0s)
L=60 h0=0 b=6 phi: <m_b>=-0.0069 h=+0.01049+-0.00443 h3=-0.00200+-0.00083 K1=0.4307 (0s)
L=60 h0=1e-05 b=2 phi: <m_b>=+0.0097 h=+0.00284+-0.00168 h3=-0.00041+-0.00036 K1=0.3626 (2s)
L=60 h0=1e-05 b=3 phi: <m_b>=+0.0102 h=-0.00431+-0.00322 h3=+0.00102+-0.00068 K1=0.4088 (1s)
L=60 h0=1e-05 b=4 phi: <m_b>=+0.0101 h=-0.00582+-0.00427 h3=+0.00106+-0.00071 K1=0.4172 (1s)
L=60 h0=1e-05 b=5 phi: <m_b>=+0.0104 h=-0.00203+-0.00451 h3=+0.00029+-0.00087 K1=0.4227 (0s)
L=60 h0=1e-05 b=6 phi: <m_b>=+0.0101 h=-0.00618+-0.00536 h3=+0.00085+-0.00115 K1=0.4255 (0s)
L=60 h0=3e-05 b=2 phi: <m_b>=+0.0321 h=-0.00130+-0.00176 h3=+0.00019+-0.00033 K1=0.3639 (2s)
L=60 h0=3e-05 b=3 phi: <m_b>=+0.0342 h=+0.00016+-0.00231 h3=-0.00002+-0.00043 K1=0.4085 (1s)
L=60 h0=3e-05 b=4 phi: <m_b>=+0.0354 h=-0.00952+-0.00317 h3=+0.00187+-0.00066 K1=0.4070 (1s)
L=60 h0=3e-05 b=5 phi: <m_b>=+0.0367 h=-0.00528+-0.00616 h3=+0.00100+-0.00122 K1=0.4250 (0s)
L=60 h0=3e-05 b=6 phi: <m_b>=+0.0385 h=-0.00362+-0.00572 h3=+0.00074+-0.00110 K1=0.4165 (0s)
L=60 h0=0.0001 b=2 phi: <m_b>=+0.1635 h=-0.00477+-0.00173 h3=+0.00080+-0.00031 K1=0.3623 (2s)
L=60 h0=0.0001 b=3 phi: <m_b>=+0.1760 h=-0.00887+-0.00323 h3=+0.00182+-0.00062 K1=0.4097 (1s)
L=60 h0=0.0001 b=4 phi: <m_b>=+0.1841 h=-0.00866+-0.00329 h3=+0.00195+-0.00063 K1=0.4121 (0s)
L=60 h0=0.0001 b=5 phi: <m_b>=+0.1876 h=-0.00200+-0.00378 h3=+0.00065+-0.00081 K1=0.4267 (0s)
L=60 h0=0.0001 b=6 phi: <m_b>=+0.1920 h=-0.00132+-0.00681 h3=+0.00115+-0.00128 K1=0.4208 (0s)
L=60 h0=0.0003 b=2 phi: <m_b>=+0.4036 h=-0.01427+-0.00181 h3=+0.00311+-0.00041 K1=0.3610 (2s)
L=60 h0=0.0003 b=3 phi: <m_b>=+0.4344 h=-0.02816+-0.00270 h3=+0.00623+-0.00059 K1=0.4032 (1s)
L=60 h0=0.0003 b=4 phi: <m_b>=+0.4488 h=-0.02927+-0.00471 h3=+0.00670+-0.00088 K1=0.4116 (1s)
L=60 h0=0.0003 b=5 phi: <m_b>=+0.4632 h=-0.02931+-0.00621 h3=+0.00724+-0.00112 K1=0.4175 (0s)
L=60 h0=0.0003 b=6 phi: <m_b>=+0.4744 h=-0.02489+-0.00739 h3=+0.00678+-0.00139 K1=0.4192 (0s)
L=60 h0=0.001 b=2 phi: <m_b>=+0.6914 h=-0.03153+-0.00616 h3=+0.00848+-0.00146 K1=0.3475 (2s)
L=60 h0=0.001 b=3 phi: <m_b>=+0.7436 h=-0.04361+-0.00994 h3=+0.01351+-0.00267 K1=0.4039 (1s)
L=60 h0=0.001 b=4 phi: <m_b>=+0.7704 h=-0.04722+-0.01933 h3=+0.01362+-0.00403 K1=0.3957 (0s)
L=60 h0=0.001 b=5 phi: <m_b>=+0.7956 h=-0.00962+-0.02231 h3=+0.00967+-0.00397 K1=0.4004 (0s)
L=60 h0=0.001 b=6 phi: <m_b>=+0.8117 h=-0.03896+-0.02433 h3=+0.01976+-0.00464 K1=0.3811 (0s)
L=60 h0=0.003 b=2 phi: <m_b>=+0.7841 h=-0.02012+-0.01363 h3=+0.01108+-0.00251 K1=0.3578 (2s)
L=60 h0=0.003 b=3 phi: <m_b>=+0.8419 h=-0.00493+-0.04090 h3=+0.02479+-0.00641 K1=0.3640 (1s)
L=60 h0=0.003 b=4 phi: <m_b>=+0.8663 h=+0.00717+-0.06255 h3=+0.02331+-0.00771 K1=0.3800 (1s)
L=60 h0=0.003 b=5 phi: <m_b>=+0.8943 h=+0.15765+-0.12726 h3=+0.02238+-0.00922 K1=0.3712 (0s)
L=60 h0=0.003 b=6 phi: <m_b>=+0.9129 h=+0.17137+-0.18751 h3=+0.03704+-0.01340 K1=0.3603 (1s)
