L=120 h0=0 b=2 phi: <m_b>=-0.0030 h=+0.00003+-0.00086 h3=-0.00003+-0.00018 K1=0.3623 (9s)
L=120 h0=0 b=3 phi: <m_b>=-0.0032 h=+0.00238+-0.00133 h3=-0.00056+-0.00030 K1=0.4109 (4s)
L=120 h0=0 b=4 phi: <m_b>=-0.0034 h=+0.00058+-0.00201 h3=-0.00015+-0.00041 K1=0.4136 (2s)
L=120 h0=0 b=5 phi: <m_b>=-0.0036 h=+0.00337+-0.00242 h3=-0.00083+-0.00056 K1=0.4202 (1s)
L=120 h0=0 b=6 phi: <m_b>=-0.0030 h=+0.00063+-0.00228 h3=-0.00024+-0.00052 K1=0.4212 (1s)
L=120 h0=1e-05 b=2 phi: <m_b>=+0.0513 h=-0.00211+-0.00073 h3=+0.00039+-0.00016 K1=0.3624 (8s)
L=120 h0=1e-05 b=3 phi: <m_b>=+0.0550 h=-0.00150+-0.00150 h3=+0.00019+-0.00035 K1=0.4095 (4s)
L=120 h0=1e-05 b=4 phi: <m_b>=+0.0572 h=+0.00103+-0.00209 h3=-0.00030+-0.00045 K1=0.4131 (2s)
L=120 h0=1e-05 b=5 phi: <m_b>=+0.0591 h=+0.00149+-0.00269 h3=-0.00027+-0.00051 K1=0.4211 (1s)
L=120 h0=1e-05 b=6 phi: <m_b>=+0.0604 h=-0.00237+-0.00274 h3=+0.00059+-0.00051 K1=0.4225 (1s)
L=120 h0=3e-05 b=2 phi: <m_b>=+0.1547 h=-0.00538+-0.00075 h3=+0.00119+-0.00014 K1=0.3630 (76s)
L=120 h0=3e-05 b=3 phi: <m_b>=+0.1665 h=-0.01035+-0.00144 h3=+0.00231+-0.00027 K1=0.4108 (3s)
L=120 h0=3e-05 b=4 phi: <m_b>=+0.1723 h=-0.00904+-0.00232 h3=+0.00206+-0.00051 K1=0.4109 (2s)
L=120 h0=3e-05 b=5 phi: <m_b>=+0.1773 h=-0.01182+-0.00180 h3=+0.00267+-0.00038 K1=0.4214 (1s)
L=120 h0=3e-05 b=6 phi: <m_b>=+0.1817 h=-0.01061+-0.00320 h3=+0.00257+-0.00063 K1=0.4229 (1s)
L=120 h0=0.0001 b=2 phi: <m_b>=+0.4277 h=-0.01754+-0.00123 h3=+0.00383+-0.00028 K1=0.3578 (8s)
L=120 h0=0.0001 b=3 phi: <m_b>=+0.4597 h=-0.03119+-0.00262 h3=+0.00653+-0.00051 K1=0.4033 (3s)
L=120 h0=0.0001 b=4 phi: <m_b>=+0.4771 h=-0.03696+-0.00228 h3=+0.00774+-0.00043 K1=0.3990 (2s)
L=120 h0=0.0001 b=5 phi: <m_b>=+0.4917 h=-0.03634+-0.00364 h3=+0.00751+-0.00077 K1=0.4164 (1s)
L=120 h0=0.0001 b=6 phi: <m_b>=+0.5036 h=-0.03850+-0.00376 h3=+0.00799+-0.00078 K1=0.4079 (1s)
L=120 h0=0.0003 b=2 phi: <m_b>=+0.6347 h=-0.02863+-0.00266 h3=+0.00708+-0.00061 K1=0.3551 (51s)
L=120 h0=0.0003 b=3 phi: <m_b>=+0.6810 h=-0.05275+-0.00649 h3=+0.01273+-0.00149 K1=0.3913 (3s)
L=120 h0=0.0003 b=4 phi: <m_b>=+0.7099 h=-0.04473+-0.00760 h3=+0.01340+-0.00154 K1=0.3951 (2s)
L=120 h0=0.0003 b=5 phi: <m_b>=+0.7331 h=-0.03889+-0.01156 h3=+0.01549+-0.00263 K1=0.3834 (1s)
L=120 h0=0.0003 b=6 phi: <m_b>=+0.7481 h=-0.02394+-0.01432 h3=+0.01168+-0.00316 K1=0.3947 (1s)
L=120 h0=0.001 b=2 phi: <m_b>=+0.7299 h=-0.02092+-0.00849 h3=+0.00669+-0.00204 K1=0.3480 (8s)
L=120 h0=0.001 b=3 phi: <m_b>=+0.7831 h=-0.03766+-0.01529 h3=+0.01369+-0.00269 K1=0.4026 (4s)
L=120 h0=0.001 b=4 phi: <m_b>=+0.8138 h=-0.00068+-0.02729 h3=+0.01319+-0.00490 K1=0.3795 (2s)
L=120 h0=0.001 b=5 phi: <m_b>=+0.8387 h=+0.01135+-0.02434 h3=+0.02195+-0.00527 K1=0.3973 (1s)
L=120 h0=0.001 b=6 phi: <m_b>=+0.8554 h=-0.05141+-0.03824 h3=+0.03480+-0.00757 K1=0.3497 (1s)
L=120 h0=0.003 b=2 phi: <m_b>=+0.7693 h=-0.01153+-0.01177 h3=+0.00847+-0.00193 K1=0.3486 (7s)
L=120 h0=0.003 b=3 phi: <m_b>=+0.8222 h=-0.04560+-0.02250 h3=+0.01069+-0.00385 K1=0.3792 (3s)
L=120 h0=0.003 b=4 phi: <m_b>=+0.8571 h=-0.04202+-0.03693 h3=+0.02964+-0.00537 K1=0.3774 (2s)
L=120 h0=0.003 b=5 phi: <m_b>=+0.8815 h=-0.04402+-0.04776 h3=+0.03622+-0.00864 K1=0.3718 (4s)
L=120 h0=0.003 b=6 phi: <m_b>=+0.9021 h=-0.04768+-0.07500 h3=+0.04293+-0.01114 K1=0.3647 (2s)
