(a) b = 1 control: 120 [0.44068679350977147] N = 3000
nnL120_b1_plus         thesis_theta    N= 1502 <m>=+0.559 h=-0.00006+-0.00030 (pull  -0.2)  h3=+0.00013+-0.00024 (pull  +0.5)  net odd field=+0.00028  K1=0.4405  (8s)
nnL120_b1_plus         phi             N= 1502 <m>=+0.559 h=-0.00010+-0.00055 (pull  -0.2)  h3=+0.00003+-0.00013 (pull  +0.2)  net odd field=+0.00012  K1=0.4405  (8s)
nnL120_b1_minus        thesis_theta    N= 1498 <m>=-0.566 h=-0.00042+-0.00030 (pull  -1.4)  h3=-0.00032+-0.00022 (pull  -1.4)  net odd field=-0.00124  K1=0.4406  (8s)
nnL120_b1_minus        phi             N= 1498 <m>=-0.566 h=+0.00016+-0.00051 (pull  +0.3)  h3=-0.00018+-0.00011 (pull  -1.6)  net odd field=-0.00131  K1=0.4406  (8s)
nnL120_b1_raw          thesis_theta    N= 3000 <m>=-0.003 h=-0.00010+-0.00016 (pull  -0.6)  h3=-0.00011+-0.00016 (pull  -0.7)  net odd field=-0.00039  K1=0.4407  (16s)
nnL120_b1_raw          phi             N= 3000 <m>=-0.003 h=+0.00018+-0.00040 (pull  +0.4)  h3=-0.00008+-0.00008 (pull  -0.9)  net odd field=-0.00046  K1=0.4407  (60s)
(b) basis enlargement: nnL240 [0.44068679350977147] N = 4000
nnL240_b4_plus         phi             N= 1970 <m>=+0.627 h=-0.04660+-0.00114 (pull -40.7)  h3=+0.01085+-0.00026 (pull +42.2)  net odd field=+0.04652  K1=0.3986  (3s)
nnL240_b4_plus         phi_plaq        N= 1970 <m>=+0.627 h=-0.05485+-0.00121 (pull -45.5)  h3=+0.01258+-0.00026 (pull +48.6)  net odd field=+0.05312  K1=0.4191  (3s)
nnL240_b4_plus         phi_n8_plaq     N= 1970 <m>=+0.627 h=-0.05570+-0.00137 (pull -40.7)  h3=+0.01259+-0.00026 (pull +47.9)  net odd field=+0.05235  K1=0.4191  (6s)
nnL240_b4_plus         phi_mf          N= 1970 <m>=+0.627 h=-0.04656+-0.00174 (pull -26.8)  h3=+0.01085+-0.00026 (pull +42.1)  net odd field=+0.04656  K1=0.3986  (3s)
nnL240_b4_plus         phi_n8_plaq_mf  N= 1970 <m>=+0.627 h=-0.05509+-0.00171 (pull -32.3)  h3=+0.01259+-0.00026 (pull +47.9)  net odd field=+0.05296  K1=0.4191  (6s)
nnL240_b8_plus         phi             N= 1970 <m>=+0.687 h=-0.05909+-0.00288 (pull -20.5)  h3=+0.01472+-0.00068 (pull +21.7)  net odd field=+0.06996  K1=0.4023  (1s)
nnL240_b8_plus         phi_plaq        N= 1970 <m>=+0.687 h=-0.07076+-0.00305 (pull -23.2)  h3=+0.01729+-0.00070 (pull +24.7)  net odd field=+0.08079  K1=0.4285  (1s)
nnL240_b8_plus         phi_n8_plaq     N= 1970 <m>=+0.687 h=-0.07128+-0.00459 (pull -15.5)  h3=+0.01728+-0.00070 (pull +24.6)  net odd field=+0.08019  K1=0.4285  (1s)
nnL240_b8_plus         phi_mf          N= 1970 <m>=+0.687 h=-0.05413+-0.00385 (pull -14.1)  h3=+0.01472+-0.00068 (pull +21.7)  net odd field=+0.07488  K1=0.4023  (1s)
nnL240_b8_plus         phi_n8_plaq_mf  N= 1970 <m>=+0.687 h=-0.06583+-0.00399 (pull -16.5)  h3=+0.01728+-0.00070 (pull +24.6)  net odd field=+0.08565  K1=0.4286  (1s)
(b) basis enlargement: thL240 [0.203, 0.078] N = 4000
thL240_b4_plus         phi             N= 2013 <m>=+0.301 h=-0.01624+-0.00082 (pull -19.8)  h3=+0.00386+-0.00019 (pull +20.4)  net odd field=+0.01283  K1=0.3744  (12s)
thL240_b4_plus         phi_plaq        N= 2013 <m>=+0.301 h=-0.01958+-0.00082 (pull -23.8)  h3=+0.00457+-0.00019 (pull +23.7)  net odd field=+0.01486  K1=0.3933  (21s)
thL240_b4_plus         phi_n8_plaq     N= 2013 <m>=+0.301 h=-0.01952+-0.00084 (pull -23.2)  h3=+0.00457+-0.00019 (pull +23.7)  net odd field=+0.01492  K1=0.3933  (5s)
thL240_b4_plus         phi_mf          N= 2013 <m>=+0.301 h=-0.01486+-0.00092 (pull -16.1)  h3=+0.00386+-0.00019 (pull +20.4)  net odd field=+0.01421  K1=0.3744  (3s)
thL240_b4_plus         phi_n8_plaq_mf  N= 2013 <m>=+0.301 h=-0.01821+-0.00095 (pull -19.2)  h3=+0.00457+-0.00019 (pull +23.7)  net odd field=+0.01624  K1=0.3933  (6s)
thL240_b8_plus         phi             N= 2006 <m>=+0.337 h=-0.01977+-0.00202 (pull  -9.8)  h3=+0.00582+-0.00051 (pull +11.5)  net odd field=+0.02207  K1=0.3878  (1s)
thL240_b8_plus         phi_plaq        N= 2006 <m>=+0.337 h=-0.02438+-0.00194 (pull -12.6)  h3=+0.00688+-0.00049 (pull +14.1)  net odd field=+0.02506  K1=0.4126  (1s)
thL240_b8_plus         phi_n8_plaq     N= 2006 <m>=+0.337 h=-0.02555+-0.00177 (pull -14.4)  h3=+0.00688+-0.00049 (pull +14.1)  net odd field=+0.02387  K1=0.4126  (1s)
thL240_b8_plus         phi_mf          N= 2006 <m>=+0.337 h=-0.01556+-0.00194 (pull  -8.0)  h3=+0.00583+-0.00050 (pull +11.6)  net odd field=+0.02634  K1=0.3878  (1s)
thL240_b8_plus         phi_n8_plaq_mf  N= 2006 <m>=+0.337 h=-0.02014+-0.00187 (pull -10.8)  h3=+0.00689+-0.00049 (pull +14.2)  net odd field=+0.02938  K1=0.4126  (1s)
