{'L': 240, 'K': [0.203, 0.078], 'h': 0.0, 'N': 4000, 'skip': 2.0, 'therm': 500.0, 'seed': 13, 'steps_per_sweep': 14.218, 'mean_cluster': 2256.214285714286, 'acceptance': 1.0, 'algorithm': 'Wolff single-cluster, fixed number of moves per saved config; field via cluster-flip acceptance min(1, exp(-2 h s |C|))', 'seconds': 110.45027375221252} N = 4000 <m> = 0.005901345486111109 <|m|> = 0.22828325520833334
b=2 thesis_theta raw   N= 4000 <m>=+0.007 h=-0.00021+-0.00009 h3=-0.00002+-0.00012 K1=0.2847+-0.0002 (38s)
b=2 thesis_theta plus  N= 2053 <m>=+0.263 h=-0.00075+-0.00022 h3=+0.00052+-0.00020 K1=0.2845+-0.0004 (16s)
b=2 thesis_theta minus N= 1947 <m>=-0.263 h=+0.00043+-0.00017 h3=-0.00057+-0.00015 K1=0.2845+-0.0002 (15s)
b=2 phi          raw   N= 4000 <m>=+0.007 h=-0.00026+-0.00024 h3=+0.00001+-0.00006 K1=0.2847+-0.0002 (34s)
b=2 phi          sym   N= 8000 <m>=+0.000 h=-0.00000+-0.00000 h3=+0.00000+-0.00000 K1=0.2847+-0.0002 (64s)
b=2 phi          plus  N= 2053 <m>=+0.263 h=-0.00365+-0.00045 h3=+0.00079+-0.00010 K1=0.2842+-0.0003 (18s)
b=2 phi          minus N= 1947 <m>=-0.263 h=+0.00335+-0.00037 h3=-0.00080+-0.00008 K1=0.2843+-0.0002 (15s)
b=3 thesis_theta raw   N= 4000 <m>=+0.008 h=-0.00033+-0.00015 h3=-0.00008+-0.00020 K1=0.3647+-0.0005 (15s)
b=3 thesis_theta plus  N= 2050 <m>=+0.292 h=-0.00365+-0.00022 h3=+0.00507+-0.00034 K1=0.3639+-0.0004 (34s)
b=3 thesis_theta minus N= 1948 <m>=-0.292 h=+0.00354+-0.00026 h3=-0.00563+-0.00038 K1=0.3626+-0.0005 (30s)
b=3 phi          raw   N= 4000 <m>=+0.008 h=-0.00025+-0.00046 h3=-0.00003+-0.00011 K1=0.3647+-0.0005 (100s)
b=3 phi          sym   N= 8000 <m>=+0.000 h=-0.00000+-0.00000 h3=+0.00000+-0.00000 K1=0.3647+-0.0005 (31s)
b=3 phi          plus  N= 2050 <m>=+0.292 h=-0.01481+-0.00073 h3=+0.00340+-0.00018 K1=0.3634+-0.0004 (7s)
b=3 phi          minus N= 1948 <m>=-0.292 h=+0.01554+-0.00080 h3=-0.00370+-0.00020 K1=0.3620+-0.0005 (7s)
b=4 thesis_theta raw   N= 4000 <m>=+0.008 h=-0.00021+-0.00023 h3=-0.00035+-0.00030 K1=0.3778+-0.0005 (55s)
b=4 thesis_theta plus  N= 2050 <m>=+0.307 h=-0.00423+-0.00030 h3=+0.00636+-0.00035 K1=0.3765+-0.0006 (4s)
b=4 thesis_theta minus N= 1949 <m>=-0.306 h=+0.00418+-0.00035 h3=-0.00749+-0.00033 K1=0.3752+-0.0005 (4s)
b=4 phi          raw   N= 4000 <m>=+0.008 h=+0.00026+-0.00072 h3=-0.00016+-0.00017 K1=0.3778+-0.0005 (9s)
b=4 phi          sym   N= 8000 <m>=+0.000 h=+0.00000+-0.00000 h3=-0.00000+-0.00000 K1=0.3778+-0.0005 (18s)
b=4 phi          plus  N= 2050 <m>=+0.307 h=-0.01796+-0.00081 h3=+0.00420+-0.00019 K1=0.3759+-0.0006 (6s)
b=4 phi          minus N= 1949 <m>=-0.306 h=+0.01966+-0.00074 h3=-0.00479+-0.00017 K1=0.3745+-0.0005 (5s)
b=5 thesis_theta raw   N= 4000 <m>=+0.009 h=-0.00017+-0.00032 h3=-0.00018+-0.00046 K1=0.3896+-0.0005 (6s)
b=5 thesis_theta plus  N= 2047 <m>=+0.319 h=-0.00434+-0.00040 h3=+0.00757+-0.00050 K1=0.3876+-0.0009 (3s)
b=5 thesis_theta minus N= 1951 <m>=-0.317 h=+0.00425+-0.00031 h3=-0.00838+-0.00049 K1=0.3871+-0.0009 (3s)
b=5 phi          raw   N= 4000 <m>=+0.009 h=-0.00006+-0.00097 h3=-0.00005+-0.00022 K1=0.3896+-0.0005 (5s)
b=5 phi          sym   N= 8000 <m>=+0.000 h=-0.00000+-0.00000 h3=+0.00000+-0.00000 K1=0.3896+-0.0005 (11s)
b=5 phi          plus  N= 2047 <m>=+0.319 h=-0.02011+-0.00101 h3=+0.00485+-0.00024 K1=0.3868+-0.0009 (3s)
b=5 phi          minus N= 1951 <m>=-0.317 h=+0.02109+-0.00096 h3=-0.00523+-0.00024 K1=0.3863+-0.0009 (3s)
b=6 thesis_theta raw   N= 4000 <m>=+0.009 h=-0.00008+-0.00037 h3=-0.00019+-0.00049 K1=0.3915+-0.0008 (19s)
b=6 thesis_theta plus  N= 2044 <m>=+0.328 h=-0.00354+-0.00040 h3=+0.00795+-0.00055 K1=0.3881+-0.0011 (2s)
b=6 thesis_theta minus N= 1948 <m>=-0.326 h=+0.00336+-0.00044 h3=-0.00835+-0.00073 K1=0.3902+-0.0010 (2s)
b=6 phi          raw   N= 4000 <m>=+0.009 h=-0.00014+-0.00111 h3=-0.00001+-0.00026 K1=0.3915+-0.0008 (4s)
b=6 phi          sym   N= 8000 <m>=+0.000 h=-0.00000+-0.00000 h3=+0.00000+-0.00000 K1=0.3915+-0.0008 (8s)
b=6 phi          plus  N= 2044 <m>=+0.328 h=-0.02013+-0.00133 h3=+0.00513+-0.00035 K1=0.3873+-0.0011 (2s)
b=6 phi          minus N= 1948 <m>=-0.326 h=+0.02012+-0.00137 h3=-0.00522+-0.00035 K1=0.3894+-0.0010 (3s)
b=8 thesis_theta raw   N= 4000 <m>=+0.010 h=-0.00036+-0.00027 h3=-0.00001+-0.00046 K1=0.3935+-0.0010 (13s)
b=8 thesis_theta plus  N= 2043 <m>=+0.343 h=-0.00250+-0.00060 h3=+0.00847+-0.00060 K1=0.3899+-0.0014 (1s)
b=8 thesis_theta minus N= 1950 <m>=-0.340 h=+0.00057+-0.00056 h3=-0.00867+-0.00089 K1=0.3921+-0.0013 (1s)
b=8 phi          raw   N= 4000 <m>=+0.010 h=-0.00040+-0.00083 h3=+0.00001+-0.00022 K1=0.3935+-0.0010 (15s)
b=8 phi          sym   N= 8000 <m>=+0.000 h=-0.00000+-0.00000 h3=+0.00000+-0.00000 K1=0.3935+-0.0010 (32s)
b=8 phi          plus  N= 2043 <m>=+0.343 h=-0.02040+-0.00143 h3=+0.00559+-0.00035 K1=0.3889+-0.0014 (1s)
b=8 phi          minus N= 1950 <m>=-0.340 h=+0.01908+-0.00183 h3=-0.00576+-0.00045 K1=0.3910+-0.0013 (1s)
