{'L': 240, 'K': [0.44068679350977147], 'h': 0.0, 'N': 4000, 'skip': 2.0, 'therm': 500.0, 'seed': 11, 'steps_per_sweep': 3.632, 'mean_cluster': 18021.14285714286, 'acceptance': 1.0, 'algorithm': 'Wolff single-cluster, fixed number of moves per saved config; field via cluster-flip acceptance min(1, exp(-2 h s |C|))', 'seconds': 43.15081310272217} N = 4000 <m> = -0.00581987847222222 <|m|> = 0.5154295312500001
b=2 thesis_theta raw   N= 4000 <m>=-0.006 h=+0.00029+-0.00014 h3=-0.00031+-0.00014 K1=0.3623+-0.0002 (318s)
b=2 thesis_theta plus  N= 1972 <m>=+0.561 h=-0.00584+-0.00021 h3=+0.00802+-0.00019 K1=0.3570+-0.0004 (21s)
b=2 thesis_theta minus N= 2028 <m>=-0.558 h=+0.00587+-0.00026 h3=-0.00809+-0.00031 K1=0.3582+-0.0003 (24s)
b=2 phi          raw   N= 4000 <m>=-0.006 h=+0.00089+-0.00039 h3=-0.00018+-0.00008 K1=0.3623+-0.0002 (176s)
b=2 phi          sym   N= 8000 <m>=+0.000 h=-0.00000+-0.00000 h3=+0.00000+-0.00000 K1=0.3623+-0.0002 (101s)
b=2 phi          plus  N= 1972 <m>=+0.561 h=-0.02405+-0.00044 h3=+0.00554+-0.00011 K1=0.3550+-0.0004 (25s)
b=2 phi          minus N= 2028 <m>=-0.558 h=+0.02444+-0.00065 h3=-0.00563+-0.00017 K1=0.3562+-0.0003 (75s)
b=2 phi_n8_plaq  raw   N= 4000 <m>=-0.006 h=+0.00093+-0.00044 h3=-0.00019+-0.00009 K1=0.3774+-0.0004 (108s)
b=2 phi_n8_plaq  plus  N= 1972 <m>=+0.561 h=-0.03229+-0.00056 h3=+0.00712+-0.00012 K1=0.3714+-0.0004 (48s)
b=2 phi_n8_plaq  minus N= 2028 <m>=-0.558 h=+0.03293+-0.00068 h3=-0.00726+-0.00017 K1=0.3736+-0.0005 (49s)
b=3 thesis_theta raw   N= 4000 <m>=-0.007 h=+0.00020+-0.00031 h3=-0.00004+-0.00027 K1=0.4101+-0.0007 (20s)
b=3 thesis_theta plus  N= 1970 <m>=+0.604 h=-0.00987+-0.00046 h3=+0.01577+-0.00030 K1=0.4003+-0.0008 (10s)
b=3 thesis_theta minus N= 2030 <m>=-0.599 h=+0.00886+-0.00042 h3=-0.01518+-0.00027 K1=0.4011+-0.0008 (10s)
b=3 phi          raw   N= 4000 <m>=-0.007 h=+0.00026+-0.00075 h3=-0.00002+-0.00014 K1=0.4101+-0.0007 (22s)
b=3 phi          sym   N= 8000 <m>=+0.000 h=+0.00000+-0.00000 h3=-0.00000+-0.00000 K1=0.4101+-0.0007 (140s)
b=3 phi          plus  N= 1970 <m>=+0.604 h=-0.04340+-0.00077 h3=+0.01005+-0.00017 K1=0.3971+-0.0007 (10s)
b=3 phi          minus N= 2030 <m>=-0.599 h=+0.04121+-0.00074 h3=-0.00968+-0.00015 K1=0.3980+-0.0008 (12s)
b=3 phi_n8_plaq  raw   N= 4000 <m>=-0.007 h=+0.00032+-0.00080 h3=-0.00003+-0.00015 K1=0.4272+-0.0010 (44s)
b=3 phi_n8_plaq  plus  N= 1970 <m>=+0.604 h=-0.05288+-0.00083 h3=+0.01172+-0.00018 K1=0.4179+-0.0011 (19s)
b=3 phi_n8_plaq  minus N= 2030 <m>=-0.599 h=+0.05123+-0.00081 h3=-0.01135+-0.00017 K1=0.4189+-0.0011 (19s)
b=4 thesis_theta raw   N= 4000 <m>=-0.007 h=+0.00051+-0.00045 h3=-0.00014+-0.00038 K1=0.4132+-0.0007 (10s)
b=4 thesis_theta plus  N= 1972 <m>=+0.627 h=-0.01069+-0.00071 h3=+0.01728+-0.00054 K1=0.4022+-0.0008 (5s)
b=4 thesis_theta minus N= 2028 <m>=-0.623 h=+0.00990+-0.00061 h3=-0.01704+-0.00054 K1=0.4026+-0.0006 (5s)
b=4 phi          raw   N= 4000 <m>=-0.007 h=+0.00110+-0.00105 h3=-0.00014+-0.00020 K1=0.4132+-0.0007 (12s)
b=4 phi          sym   N= 8000 <m>=+0.000 h=+0.00000+-0.00000 h3=+0.00000+-0.00000 K1=0.4132+-0.0007 (24s)
b=4 phi          plus  N= 1972 <m>=+0.627 h=-0.04709+-0.00127 h3=+0.01098+-0.00028 K1=0.3987+-0.0009 (5s)
b=4 phi          minus N= 2028 <m>=-0.623 h=+0.04660+-0.00135 h3=-0.01100+-0.00029 K1=0.3988+-0.0006 (5s)
b=4 phi_n8_plaq  raw   N= 4000 <m>=-0.007 h=+0.00112+-0.00109 h3=-0.00015+-0.00021 K1=0.4293+-0.0009 (22s)
b=4 phi_n8_plaq  plus  N= 1972 <m>=+0.627 h=-0.05644+-0.00158 h3=+0.01271+-0.00030 K1=0.4191+-0.0011 (10s)
b=4 phi_n8_plaq  minus N= 2028 <m>=-0.623 h=+0.05684+-0.00138 h3=-0.01272+-0.00029 K1=0.4192+-0.0012 (11s)
b=5 thesis_theta raw   N= 4000 <m>=-0.007 h=+0.00047+-0.00043 h3=-0.00005+-0.00037 K1=0.4189+-0.0006 (7s)
b=5 thesis_theta plus  N= 1971 <m>=+0.647 h=-0.00996+-0.00079 h3=+0.01858+-0.00063 K1=0.4065+-0.0008 (4s)
b=5 thesis_theta minus N= 2029 <m>=-0.642 h=+0.00989+-0.00078 h3=-0.01802+-0.00064 K1=0.4076+-0.0010 (4s)
b=5 phi          raw   N= 4000 <m>=-0.007 h=+0.00053+-0.00098 h3=-0.00002+-0.00020 K1=0.4189+-0.0006 (8s)
b=5 phi          sym   N= 8000 <m>=+0.000 h=+0.00000+-0.00000 h3=-0.00000+-0.00000 K1=0.4189+-0.0006 (18s)
b=5 phi          plus  N= 1971 <m>=+0.647 h=-0.04961+-0.00135 h3=+0.01194+-0.00033 K1=0.4023+-0.0008 (4s)
b=5 phi          minus N= 2029 <m>=-0.642 h=+0.04836+-0.00145 h3=-0.01158+-0.00035 K1=0.4036+-0.0010 (4s)
b=5 phi_n8_plaq  raw   N= 4000 <m>=-0.007 h=+0.00060+-0.00102 h3=-0.00003+-0.00020 K1=0.4384+-0.0012 (15s)
b=5 phi_n8_plaq  plus  N= 1971 <m>=+0.647 h=-0.06280+-0.00137 h3=+0.01396+-0.00031 K1=0.4251+-0.0017 (7s)
b=5 phi_n8_plaq  minus N= 2029 <m>=-0.642 h=+0.06132+-0.00143 h3=-0.01372+-0.00035 K1=0.4285+-0.0018 (7s)
b=6 thesis_theta raw   N= 4000 <m>=-0.007 h=+0.00051+-0.00054 h3=+0.00001+-0.00051 K1=0.4195+-0.0009 (5s)
b=6 thesis_theta plus  N= 1970 <m>=+0.662 h=-0.01089+-0.00107 h3=+0.02030+-0.00100 K1=0.4064+-0.0012 (2s)
b=6 thesis_theta minus N= 2030 <m>=-0.657 h=+0.01001+-0.00073 h3=-0.01990+-0.00088 K1=0.4059+-0.0013 (3s)
b=6 phi          raw   N= 4000 <m>=-0.007 h=+0.00073+-0.00139 h3=-0.00004+-0.00028 K1=0.4195+-0.0009 (7s)
b=6 phi          sym   N= 8000 <m>=+0.000 h=-0.00000+-0.00000 h3=+0.00000+-0.00000 K1=0.4195+-0.0009 (11s)
b=6 phi          plus  N= 1970 <m>=+0.662 h=-0.05361+-0.00228 h3=+0.01294+-0.00056 K1=0.4018+-0.0013 (2s)
b=6 phi          minus N= 2030 <m>=-0.657 h=+0.05211+-0.00163 h3=-0.01274+-0.00047 K1=0.4014+-0.0013 (2s)
b=6 phi_n8_plaq  raw   N= 4000 <m>=-0.007 h=+0.00077+-0.00143 h3=-0.00005+-0.00029 K1=0.4383+-0.0017 (10s)
b=6 phi_n8_plaq  plus  N= 1970 <m>=+0.662 h=-0.06555+-0.00312 h3=+0.01511+-0.00057 K1=0.4255+-0.0026 (4s)
b=6 phi_n8_plaq  minus N= 2030 <m>=-0.657 h=+0.06501+-0.00199 h3=-0.01492+-0.00050 K1=0.4254+-0.0018 (4s)
b=8 thesis_theta raw   N= 4000 <m>=-0.008 h=+0.00160+-0.00060 h3=-0.00044+-0.00060 K1=0.4251+-0.0015 (2s)
b=8 thesis_theta plus  N= 1971 <m>=+0.687 h=-0.01061+-0.00166 h3=+0.02299+-0.00116 K1=0.4075+-0.0024 (1s)
b=8 thesis_theta minus N= 2029 <m>=-0.682 h=+0.01004+-0.00131 h3=-0.02270+-0.00111 K1=0.4109+-0.0018 (1s)
b=8 phi          raw   N= 4000 <m>=-0.008 h=+0.00171+-0.00141 h3=-0.00010+-0.00029 K1=0.4251+-0.0015 (3s)
b=8 phi          sym   N= 8000 <m>=+0.000 h=-0.00000+-0.00000 h3=+0.00000+-0.00000 K1=0.4251+-0.0015 (6s)
b=8 phi          plus  N= 1971 <m>=+0.687 h=-0.05876+-0.00268 h3=+0.01471+-0.00067 K1=0.4020+-0.0026 (1s)
b=8 phi          minus N= 2029 <m>=-0.682 h=+0.05602+-0.00245 h3=-0.01415+-0.00063 K1=0.4061+-0.0018 (1s)
b=8 phi_n8_plaq  raw   N= 4000 <m>=-0.008 h=+0.00186+-0.00142 h3=-0.00012+-0.00029 K1=0.4464+-0.0021 (5s)
b=8 phi_n8_plaq  plus  N= 1971 <m>=+0.687 h=-0.07069+-0.00449 h3=+0.01726+-0.00068 K1=0.4282+-0.0030 (3s)
b=8 phi_n8_plaq  minus N= 2029 <m>=-0.682 h=+0.06925+-0.00329 h3=-0.01682+-0.00069 K1=0.4338+-0.0036 (3s)
