{'L': 240, 'K': [0.203, 0.078], 'h': 0.0, 'N': 4000, 'skip': 2.0, 'therm': 500.0, 'seed': 12, 'steps_per_sweep': 13.722, 'mean_cluster': 5566.7037037037035, 'acceptance': 1.0, 'algorithm': 'Wolff single-cluster, fixed number of moves per saved config; field via cluster-flip acceptance min(1, exp(-2 h s |C|))', 'seconds': 106.30238127708435} N = 4000 <m> = -0.00042185763888888904 <|m|> = 0.22603579861111112
b=2 thesis_theta raw   N= 4000 <m>=-0.000 h=+0.00008+-0.00010 h3=-0.00037+-0.00010 K1=0.2851+-0.0002 (61s)
b=2 thesis_theta plus  N= 2005 <m>=+0.259 h=-0.00039+-0.00018 h3=+0.00014+-0.00017 K1=0.2849+-0.0003 (29s)
b=2 thesis_theta minus N= 1995 <m>=-0.261 h=+0.00058+-0.00014 h3=-0.00086+-0.00014 K1=0.2851+-0.0003 (21s)
b=2 phi          raw   N= 4000 <m>=-0.000 h=+0.00059+-0.00025 h3=-0.00019+-0.00006 K1=0.2851+-0.0002 (46s)
b=2 phi          sym   N= 8000 <m>=+0.000 h=+0.00000+-0.00000 h3=-0.00000+-0.00000 K1=0.2851+-0.0002 (96s)
b=2 phi          plus  N= 2005 <m>=+0.259 h=-0.00280+-0.00042 h3=+0.00060+-0.00010 K1=0.2846+-0.0003 (23s)
b=2 phi          minus N= 1995 <m>=-0.261 h=+0.00402+-0.00025 h3=-0.00098+-0.00007 K1=0.2848+-0.0003 (24s)
b=2 phi_plaq     raw   N= 4000 <m>=-0.000 h=+0.00057+-0.00027 h3=-0.00019+-0.00006 K1=0.2930+-0.0003 (87s)
b=2 phi_plaq     plus  N= 2005 <m>=+0.259 h=-0.00464+-0.00044 h3=+0.00102+-0.00010 K1=0.2922+-0.0004 (42s)
b=2 phi_plaq     minus N= 1995 <m>=-0.261 h=+0.00602+-0.00025 h3=-0.00145+-0.00007 K1=0.2932+-0.0004 (26s)
b=2 phi_n8_plaq  raw   N= 4000 <m>=-0.000 h=+0.00057+-0.00026 h3=-0.00019+-0.00006 K1=0.2930+-0.0003 (90s)
b=2 phi_n8_plaq  plus  N= 2005 <m>=+0.259 h=-0.00442+-0.00042 h3=+0.00102+-0.00010 K1=0.2922+-0.0004 (43s)
b=2 phi_n8_plaq  minus N= 1995 <m>=-0.261 h=+0.00568+-0.00029 h3=-0.00144+-0.00007 K1=0.2932+-0.0004 (43s)
b=3 thesis_theta raw   N= 4000 <m>=-0.000 h=+0.00016+-0.00022 h3=-0.00060+-0.00027 K1=0.3643+-0.0005 (39s)
b=3 thesis_theta plus  N= 2007 <m>=+0.288 h=-0.00344+-0.00027 h3=+0.00485+-0.00039 K1=0.3628+-0.0006 (48s)
b=3 thesis_theta minus N= 1992 <m>=-0.291 h=+0.00370+-0.00033 h3=-0.00608+-0.00035 K1=0.3630+-0.0006 (9s)
b=3 phi          raw   N= 4000 <m>=-0.000 h=+0.00090+-0.00061 h3=-0.00027+-0.00014 K1=0.3643+-0.0005 (22s)
b=3 phi          sym   N= 8000 <m>=+0.000 h=+0.00000+-0.00000 h3=-0.00000+-0.00000 K1=0.3643+-0.0005 (45s)
b=3 phi          plus  N= 2007 <m>=+0.288 h=-0.01433+-0.00078 h3=+0.00331+-0.00020 K1=0.3623+-0.0006 (118s)
b=3 phi          minus N= 1992 <m>=-0.291 h=+0.01618+-0.00077 h3=-0.00388+-0.00018 K1=0.3624+-0.0006 (39s)
b=3 phi_plaq     raw   N= 4000 <m>=-0.000 h=+0.00089+-0.00063 h3=-0.00027+-0.00014 K1=0.3773+-0.0006 (209s)
b=3 phi_plaq     plus  N= 2007 <m>=+0.288 h=-0.01670+-0.00078 h3=+0.00382+-0.00020 K1=0.3755+-0.0009 (11s)
b=3 phi_plaq     minus N= 1992 <m>=-0.291 h=+0.01868+-0.00078 h3=-0.00441+-0.00018 K1=0.3764+-0.0007 (92s)
b=3 phi_n8_plaq  raw   N= 4000 <m>=-0.000 h=+0.00089+-0.00063 h3=-0.00027+-0.00014 K1=0.3773+-0.0006 (152s)
b=3 phi_n8_plaq  plus  N= 2007 <m>=+0.288 h=-0.01687+-0.00080 h3=+0.00382+-0.00020 K1=0.3754+-0.0009 (19s)
b=3 phi_n8_plaq  minus N= 1992 <m>=-0.291 h=+0.01883+-0.00078 h3=-0.00441+-0.00018 K1=0.3765+-0.0007 (18s)
b=4 thesis_theta raw   N= 4000 <m>=-0.000 h=-0.00027+-0.00029 h3=-0.00018+-0.00035 K1=0.3768+-0.0005 (86s)
b=4 thesis_theta plus  N= 2009 <m>=+0.301 h=-0.00371+-0.00034 h3=+0.00633+-0.00041 K1=0.3748+-0.0007 (32s)
b=4 thesis_theta minus N= 1989 <m>=-0.305 h=+0.00360+-0.00040 h3=-0.00658+-0.00049 K1=0.3753+-0.0008 (27s)
b=4 phi          raw   N= 4000 <m>=-0.000 h=+0.00012+-0.00081 h3=-0.00012+-0.00019 K1=0.3768+-0.0005 (53s)
b=4 phi          sym   N= 8000 <m>=+0.000 h=+0.00000+-0.00000 h3=+0.00000+-0.00000 K1=0.3768+-0.0005 (113s)
b=4 phi          plus  N= 2009 <m>=+0.301 h=-0.01701+-0.00094 h3=+0.00410+-0.00022 K1=0.3742+-0.0007 (42s)
b=4 phi          minus N= 1989 <m>=-0.305 h=+0.01763+-0.00110 h3=-0.00431+-0.00026 K1=0.3746+-0.0008 (5s)
b=4 phi_plaq     raw   N= 4000 <m>=-0.000 h=+0.00010+-0.00085 h3=-0.00011+-0.00019 K1=0.3950+-0.0009 (100s)
b=4 phi_plaq     plus  N= 2009 <m>=+0.301 h=-0.02044+-0.00098 h3=+0.00483+-0.00023 K1=0.3936+-0.0011 (6s)
b=4 phi_plaq     minus N= 1989 <m>=-0.305 h=+0.02085+-0.00109 h3=-0.00500+-0.00026 K1=0.3929+-0.0012 (6s)
b=4 phi_n8_plaq  raw   N= 4000 <m>=-0.000 h=+0.00010+-0.00085 h3=-0.00011+-0.00019 K1=0.3950+-0.0009 (22s)
b=4 phi_n8_plaq  plus  N= 2009 <m>=+0.301 h=-0.02084+-0.00102 h3=+0.00484+-0.00023 K1=0.3936+-0.0011 (10s)
b=4 phi_n8_plaq  minus N= 1989 <m>=-0.305 h=+0.02069+-0.00104 h3=-0.00500+-0.00026 K1=0.3929+-0.0012 (10s)
b=5 thesis_theta raw   N= 4000 <m>=+0.000 h=+0.00067+-0.00029 h3=-0.00097+-0.00036 K1=0.3892+-0.0008 (7s)
b=5 thesis_theta plus  N= 2012 <m>=+0.313 h=-0.00370+-0.00034 h3=+0.00684+-0.00046 K1=0.3859+-0.0011 (4s)
b=5 thesis_theta minus N= 1986 <m>=-0.317 h=+0.00450+-0.00038 h3=-0.00865+-0.00053 K1=0.3882+-0.0011 (3s)
b=5 phi          raw   N= 4000 <m>=+0.000 h=+0.00234+-0.00089 h3=-0.00053+-0.00021 K1=0.3892+-0.0008 (7s)
b=5 phi          sym   N= 8000 <m>=+0.000 h=-0.00000+-0.00000 h3=+0.00000+-0.00000 K1=0.3892+-0.0008 (15s)
b=5 phi          plus  N= 2012 <m>=+0.313 h=-0.01759+-0.00096 h3=+0.00431+-0.00024 K1=0.3852+-0.0011 (3s)
b=5 phi          minus N= 1986 <m>=-0.317 h=+0.02172+-0.00116 h3=-0.00535+-0.00028 K1=0.3875+-0.0011 (4s)
b=5 phi_plaq     raw   N= 4000 <m>=+0.000 h=+0.00230+-0.00092 h3=-0.00053+-0.00021 K1=0.4086+-0.0016 (8s)
b=5 phi_plaq     plus  N= 2012 <m>=+0.313 h=-0.02116+-0.00102 h3=+0.00508+-0.00025 K1=0.4055+-0.0017 (3s)
b=5 phi_plaq     minus N= 1986 <m>=-0.317 h=+0.02520+-0.00114 h3=-0.00611+-0.00028 K1=0.4076+-0.0020 (4s)
b=5 phi_n8_plaq  raw   N= 4000 <m>=+0.000 h=+0.00231+-0.00092 h3=-0.00053+-0.00021 K1=0.4086+-0.0016 (13s)
b=5 phi_n8_plaq  plus  N= 2012 <m>=+0.313 h=-0.02063+-0.00113 h3=+0.00507+-0.00025 K1=0.4055+-0.0017 (6s)
b=5 phi_n8_plaq  minus N= 1986 <m>=-0.317 h=+0.02503+-0.00107 h3=-0.00610+-0.00027 K1=0.4076+-0.0020 (6s)
b=6 thesis_theta raw   N= 4000 <m>=-0.000 h=+0.00022+-0.00034 h3=+0.00007+-0.00053 K1=0.3904+-0.0010 (4s)
b=6 thesis_theta plus  N= 2011 <m>=+0.322 h=-0.00312+-0.00045 h3=+0.00813+-0.00063 K1=0.3892+-0.0012 (2s)
b=6 thesis_theta minus N= 1982 <m>=-0.327 h=+0.00337+-0.00049 h3=-0.00833+-0.00083 K1=0.3866+-0.0011 (2s)
b=6 phi          raw   N= 4000 <m>=-0.000 h=+0.00047+-0.00121 h3=-0.00005+-0.00030 K1=0.3904+-0.0010 (5s)
b=6 phi          sym   N= 8000 <m>=+0.000 h=-0.00000+-0.00000 h3=+0.00000+-0.00000 K1=0.3904+-0.0010 (66s)
b=6 phi          plus  N= 2011 <m>=+0.322 h=-0.01940+-0.00135 h3=+0.00508+-0.00034 K1=0.3885+-0.0011 (2s)
b=6 phi          minus N= 1982 <m>=-0.327 h=+0.02067+-0.00179 h3=-0.00536+-0.00046 K1=0.3858+-0.0011 (2s)
b=6 phi_plaq     raw   N= 4000 <m>=-0.000 h=+0.00050+-0.00122 h3=-0.00005+-0.00030 K1=0.4101+-0.0013 (52s)
b=6 phi_plaq     plus  N= 2011 <m>=+0.322 h=-0.02347+-0.00134 h3=+0.00598+-0.00034 K1=0.4120+-0.0018 (3s)
b=6 phi_plaq     minus N= 1982 <m>=-0.327 h=+0.02393+-0.00176 h3=-0.00608+-0.00045 K1=0.4035+-0.0015 (3s)
b=6 phi_n8_plaq  raw   N= 4000 <m>=-0.000 h=+0.00050+-0.00122 h3=-0.00005+-0.00030 K1=0.4101+-0.0013 (9s)
b=6 phi_n8_plaq  plus  N= 2011 <m>=+0.322 h=-0.02262+-0.00121 h3=+0.00598+-0.00034 K1=0.4120+-0.0018 (4s)
b=6 phi_n8_plaq  minus N= 1982 <m>=-0.327 h=+0.02408+-0.00172 h3=-0.00608+-0.00045 K1=0.4035+-0.0015 (4s)
b=8 thesis_theta raw   N= 4000 <m>=-0.000 h=+0.00038+-0.00041 h3=+0.00005+-0.00068 K1=0.3906+-0.0009 (2s)
b=8 thesis_theta plus  N= 2008 <m>=+0.337 h=-0.00138+-0.00072 h3=+0.00925+-0.00091 K1=0.3884+-0.0012 (1s)
b=8 thesis_theta minus N= 1985 <m>=-0.341 h=+0.00253+-0.00061 h3=-0.00946+-0.00082 K1=0.3874+-0.0014 (1s)
b=8 phi          raw   N= 4000 <m>=-0.000 h=+0.00003+-0.00139 h3=+0.00009+-0.00036 K1=0.3906+-0.0009 (3s)
b=8 phi          sym   N= 8000 <m>=+0.000 h=+0.00000+-0.00000 h3=+0.00000+-0.00000 K1=0.3906+-0.0009 (6s)
b=8 phi          plus  N= 2008 <m>=+0.337 h=-0.02021+-0.00201 h3=+0.00593+-0.00050 K1=0.3874+-0.0012 (1s)
b=8 phi          minus N= 1985 <m>=-0.341 h=+0.02107+-0.00154 h3=-0.00589+-0.00044 K1=0.3865+-0.0014 (1s)
b=8 phi_plaq     raw   N= 4000 <m>=-0.000 h=+0.00010+-0.00137 h3=+0.00008+-0.00035 K1=0.4129+-0.0015 (3s)
b=8 phi_plaq     plus  N= 2008 <m>=+0.337 h=-0.02476+-0.00192 h3=+0.00697+-0.00048 K1=0.4119+-0.0020 (1s)
b=8 phi_plaq     minus N= 1985 <m>=-0.341 h=+0.02538+-0.00154 h3=-0.00686+-0.00044 K1=0.4084+-0.0022 (2s)
b=8 phi_n8_plaq  raw   N= 4000 <m>=-0.000 h=+0.00010+-0.00137 h3=+0.00008+-0.00035 K1=0.4129+-0.0015 (5s)
b=8 phi_n8_plaq  plus  N= 2008 <m>=+0.337 h=-0.02577+-0.00175 h3=+0.00697+-0.00048 K1=0.4119+-0.0020 (2s)
b=8 phi_n8_plaq  minus N= 1985 <m>=-0.341 h=+0.02466+-0.00151 h3=-0.00686+-0.00044 K1=0.4084+-0.0022 (2s)
